../Core/Src/laser_m01.c:29:13:csumOK	24	static
../Core/Src/laser_m01.c:35:17:bcd32	24	static
../Core/Src/laser_m01.c:41:13:enaHigh	8	static
../Core/Src/laser_m01.c:42:13:enaLow	8	static
../Core/Src/laser_m01.c:46:6:M01_Init	24	static
../Core/Src/laser_m01.c:60:17:get_dma_head	4	static
../Core/Src/laser_m01.c:66:7:M01_Process	24	static
../Core/Src/laser_m01.c:134:13:M01_GetLastError	4	static
../Core/Src/laser_m01.c:139:13:M01_GetErrorText	16	static
../Core/Src/laser_m01.c:158:6:M01_LaserOn	8	static
../Core/Src/laser_m01.c:163:6:M01_LaserOff	8	static
../Core/Src/laser_m01.c:168:6:M01_QuickRead	8	static
../Core/Src/laser_m01.c:177:6:M01_Reset	8	static
../Core/Src/laser_m01.c:186:7:M01_GetLastDistance	4	static
